   Compiling varcpu v0.1.0 (/data/data/com.termux/files/home/varcpu)
    Finished `test` profile [unoptimized + debuginfo] target(s) in 3.68s
     Running unittests src/lib.rs (target/debug/deps/varcpu-c521397c7fdbc157)

running 0 tests

test result: ok. 0 passed; 0 failed; 0 ignored; 0 measured; 69 filtered out; finished in 0.00s

     Running tests/send_message.rs (target/debug/deps/send_message-ee4d2e224af9dadb)

running 0 tests

test result: ok. 0 passed; 0 failed; 0 ignored; 0 measured; 1 filtered out; finished in 0.00s

